../Core/Src/main.c:94:6:parallel_data_read	8	static
../Core/Src/main.c:119:6:serial_data_read	24	static
../Core/Src/main.c:181:6:serial_data_read2	16	static
../Core/Src/main.c:212:6:dac80501	16	static
../Core/Src/main.c:248:9:setValue	16	static
../Core/Src/main.c:253:6:delay_us	16	static
../Core/Src/main.c:270:5:main	8	static
../Core/Src/main.c:433:6:SystemClock_Config	88	static
../Core/Src/main.c:480:13:MX_I2C1_Init	8	static
../Core/Src/main.c:514:13:MX_TIM1_Init	32	static
../Core/Src/main.c:560:13:MX_GPIO_Init	40	static
../Core/Src/main.c:635:6:Error_Handler	4	static,ignoring_inline_asm
